Bremer Supports:
Support tree:(Thelichoris Americhernus)[inf]