Bootstrap Supports:
Support tree:(t5 (t48 (t44 (t35 t39)[0.68])[0.76])[1.00])[1.00]