Bootstrap Supports:
Support tree:(t1 (t44 (t14 (t26 t27)[0.80])[0.40])[1.00])[1.00]