Bootstrap Supports:
Support tree:(t5 (t48 (t39 (t35 t44)[0.72])[0.80])[0.96])[1.00]