Bootstrap Supports:
Support tree:(t5 (t48 (t44 (t35 t39)[0.52])[0.56])[1.00])[1.00]