Bremer Supports:
Support tree:(t1 (t14 t44)[inf])[inf]