Jackknife Supports:
Support tree:(t1 (t14 t44)[0.80])[1.00]