Bootstrap Supports:
Support tree:(t5 (t44 (t48 (t35 t39)[1.00])[0.44])[1.00])[1.00]