Bootstrap Supports:
Support tree:(t5 (t48 (t35 (t39 t44)[0.44])[0.56])[1.00])[1.00]