Bootstrap Supports:
Support tree:(t5 ((t35 t39)[0.12] (t44 t48)[0.28])[0.88])[1.00]