Bootstrap Supports:
Support tree:(t5 (t44 (t48 (t35 t39)[0.96])[0.52])[1.00])[1.00]