Bootstrap Supports:
Support tree:(t1 (t44 (t14 (t26 t27)[0.60])[0.60])[1.00])[1.00]