Bootstrap Supports:
Support tree:(t1 (t14 (t27 (t26 t44)[0.60])[0.60])[1.00])[1.00]