Bootstrap Supports:
Support tree:(t23 (t16 (t20 (t7 t11)[0.64])[0.40])[1.00])[1.00]