Jackknife Supports:
Support tree:(t1 (t32 t16)[0.00])[1.00]