Bootstrap Supports:
Support tree:(t23 (t20 (t7 (t11 t16)[0.56])[1.00])[0.96])[1.00]