Bremer Supports:
Support tree:(t1 (t32 t16)[inf])[inf]