Bootstrap Supports:
Support tree:(t23 (t20 (t16 (t7 t11)[0.64])[0.44])[1.00])[1.00]