Bootstrap Supports:
Support tree:(t23 (t20 (t16 (t7 t11)[0.72])[0.96])[0.60])[1.00]