Bootstrap Supports:
Support tree:(t1 (t46 (t15 (t28 t29)[1.00])[0.60])[1.00])[1.00]