Bootstrap Supports:
Support tree:(t1 (t15 (t46 (t28 t29)[0.60])[0.80])[1.00])[1.00]