Bootstrap Supports:
Support tree:(t1 (t15 (t46 (t28 t29)[1.00])[1.00])[1.00])[1.00]