Bootstrap Supports:
Support tree:(t6 (t5 (t46 (t37 t41)[0.36])[1.00])[1.00])[1.00]