Bootstrap Supports:
Support tree:(t6 (t5 (t46 (t37 t41)[0.24])[0.80])[0.72])[1.00]