Bootstrap Supports:
Support tree:(t5 (t39 (t44 (t35 t48)[0.68])[0.68])[1.00])[1.00]