Bootstrap Supports:
Support tree:(t1 (t27 (t44 (t14 t26)[0.20])[0.20])[1.00])[1.00]