Bootstrap Supports:
Support tree:(t1 (t44 (t27 (t14 t26)[0.80])[1.00])[0.80])[1.00]