Bootstrap Supports:
Support tree:(t1 (t27 (t44 (t14 t26)[0.40])[0.60])[1.00])[1.00]