Jackknife Supports:
Support tree:(t1 (t14 t44)[1.00])[1.00]