Bootstrap Supports:
Support tree:(t5 (t39 (t44 (t35 t48)[0.80])[0.80])[1.00])[1.00]