Strict Majority Consensus Tree
(t35,t43,(t24,t26,t41))
