Trees Found:
                                            
Tree length    Number of hits
334.           1

