Bremer Supports:
Support tree:
(Americhernus,Thelichoris)inf
