Trees Found:
                                            
              Tree length    Number of hits
              2817.          1
              2818.          1
              2841.          1
              2849.          1
Trees Found:
                                            
              Tree length    Number of hits
              2817.          1
              2818.          1
