(t2,((t43,t30),(t14,t12)));
                           

