(t2,((t30,t14),(t43,t12)));
                           

