tread (t1 (t2 ((t3 (t29 t28)) (((t9 t8) (t32 ((t49 t46) (t4 (t5 (t7 t34)))))) ((t36 t10) ((((t44 t43) (t41 (t30 t19))) ((t22 (t31 t23)) (t24 (t21 (t42 t17))))) ((t45 (t15 (t35 t16))) (t37 ((t14 t12) ((t48 t13) (t39 ((t47 t38) (t40 (t33 ((t20 t18) ((t6 t11) (t27 (t26 t25))))))))))))))))))
      ;
 