

Implied Alignments

New Tree for sequence 


Implied Alignments


Implied Alignments

New Tree for sequence 13.fas

>t1
AGTCGTCTCCAACTCCTCTGTGGGCACCCAATTCCCTTTCTCGGGTATTGACGACCGAGAAAACTGGCCCTCCGTCTTCTAT
 AACAGGACTTGCCGATGCCAGGGTAACTTCATGGGCTACAACTGCGGCGAGTGCAGGTTCGGCTACACTGGTCCAAACTGTACCACTAGGCGCACGGTGATCAGAAAGGAGATCTTAAAGATGACCACGGCTGAGAAGGACAAGTTCATCGCCTATCTCAACTTGGCCAAGCGTACCATCAGCCCAGACTTTGTCATTTCCACCGGAACGTACGAGCAGATGAACAACGGCTCCAATCCGATGTTTGCAGATGTCAGTGTCTATGATCTGTTTGTGT
 GGATGCACTACTACGCCTCCAGAGATGCGTTCTTGGAAGATGGTGGCGTGTGGAGAGACATTGACTTTGCCCACGAGGCTCCTGGCTTCCTGCCTTGGCACAGGTTCTTTCTGCTGCTTTGGGAACAGGAAATCCAGAAGGTGACGGGGGATGAGAATTTCACCATTCCCTTC
 

>t10
AGTCCCCTCCAACTCCTCTGTGGGTGCCCAGTTCCCTTTCTCGGGCATCGATGACCGAGAAAACTGGCCCATTGTCTTCTAC
 AACAGGACATGCCAATGCCAGGGTAATTTCATGGGCTACAACTGCGGTGAGTGCAGGTTTGGCTACACAGGACCAAACTGCACCGTTGGACGCAACATGATCAGAAAGGAGATCTTCAGGATGACCACAGCTGAGAAGGACAAGTTCATCGCCTACCTCAACTTGGCCAAGCGTACCATCAGCCCAGAMTACGTTATTTCCACCGGCACTTACGAGCAGATGAACAATGGCWCCAATCCGATGTTCGCAGATATCAATGTCTACGATCTGTTTGTGT
 GGCTGCATTACTACGCCTCCAGAGATGCTTTCTTGGAAGATGGTAGTGTGTGGGCCAACATAGACTTTGCCCATGAGGCCCCAGGCTTTCTGCCTTGGCACAGGTTCTTTTTGCTGCTTTGGGAACGGGAAATCCAGAAGGTGACAGGGGATGATAATTTTACTATTCCCTTT
 

>t11
AGAGATCTCCGACTCCCCTGTGGGCAACCAGTTCCCATTCTCGGGCATCGACGACCGAGAAAACTGGCCCGTCGTCTTCTAC
 AACAGGACTTGCCGATGCCAGGGAAACTTCACGGGCTACAATTGTGGCGAGTGCAGGTTTGGCATCGGCGGGCCCAACTGTACCGATAGACGCTCATTGATCAGGAAGGAAATCCGCAGGATGACCACGGCCGAGAAGGACAAGTTCATCGCGTATCTCAACCTGGCCAAGCGCACCATCAGCCCGGACTACGTCATTTCCACCGGCACGTACGAGCAGATGAACAACGGCTCCAATCCCATGTTTGCCGATATCAACGTCTATGATCTGTTTGTGT
 GGCTGCATTACTACGCCTCCAGAGATGCTTTCTTGGAAGATGGCAGTGTGTGGGCAAACATTGACTTTGCCCATGAGGCTCCTGGCTTTCTGCCTTGGCACAGGTTTTTTTTGCTGCTTTGGGAACGGGAAATCCAGAAGGTGACTGGTGATGAGGATTTCACTATTCCCTTT
 

>t12
GGTGGTCTCTAACTCCCCCGTGGGTTCCCAGTTCCCTTTCTCCGGGATTGATGACCGAGAAAACTGGCCCGTGGTCTTCTAC
 AACAGAACCTGCCGATGTCAGGGGAACTTTATGGGCTACAATTGTGGCGAGTGCAGATTTGGCTACAAAGGGTCAAACTGCACAGAGAGACACACCATGATCAGGAAGGAGATCTTCAAGCTGACCACAGCGGAGAAGGACAAGTTCATCGCCTATCTCAACTTGGCCAAGCACACGACCAGCCAGGACTTTGTCATCGCCACCGGCACCTATGAGCAGATGAATAACGGCTCAGACCCTCTCTTTGCTGATATTAATGTCTATGACCTGTTTGTGT
 GGCTGCATTACTACGCCTCCAGGGATGCTTTCCTGGAAGGAGATGCCGTGTGGGAGAACATAGACTTTGCCCATGAAGCTCCTGGCTTTGCCCCTTGGCACAGGTTCTTCTTACTGCTTTGGGAACGTGAGATCCAAAAGATGGCGGGGGATGAAGACTTCACTATTCCCTAY
 

>t13
AGTCCCCTCCAACTCCCCTGTGGGTGCCCAGTTCCCTTTCTCGGGCATCGATGACCGCGAAAACTGGCCCATTGTCTTCTAC
 AACAGGACATGCCAATGCCAGGGTAATTTCATGGGCTACAACTGCGGTGAGTGCAGGTTTGGCTACACAGGGCCAAACTGCACCGTTAGACGCAACATGATCAGAAAGGAGATCTTCAGGATGACCACGGCTGAGAAGGACAAGCTCATCGCCTACCTCAACTTGGCCAAGCGTACCATCAGCCCAGACTATGTTATCACCACTGGCACTTACGAGCAGATGAACAATGGTTCCAATCCGATGTTCGCAGATATCAATGTCTATGATCTGTTTGTGT
 GGCTGCATTACTACGCCTCCAGAGATGCTTTCTTGGAAGATGGTAGTGTGTGGGCCAACATAGACTTTGCCCATGAGGCCCCGGGCTTTCTGCCTTGGCACAGGTTCTTTTTGCTCCTTTGGGAACGGGAAATCCAGAAGGTGACAGGGGATGATAATTTTACTATTCCCTTT
 

>t14
TGTTGTATCTACCTCACCTTCGGGTCCTCAATTTCCCTTTAGTGGGATTGACGATCGGGAAAACTGGCCTATCGTCTTCTAC
 AACAGGACTTGCCAATGCCGGGAGAACTTTATGGGCTATAATTGCGGCGATTGTAAATTTGGTTTCATCGGACCCAACTGTACGGTGGCAAGAAGGATGATCAGGAAGGAGATCTTCAAGATGAGTGGGGCGGAGAAGGACAAGTTCATCGCCTACCTCAATCTGGCCAAACGCACCGTCAGCACAGACTTTGTCATCGCCACCGGGACCTACGAGCAAATGAGTAACGGCTCCAACCCACTTTTTGCAGACATCAGCGTGTACGACCTGTTTGTGT
 GGCTGCACTATTACGCCTCCCGGGACGCTTTTCTTGAAGGTGGCCTTGTGTGGAGCGATGTTGACTTTGCCCATGAAGCACCGGCCTTTTTGCCCTGGCACAGGTTCTTCTTGCTTCACTGGGAGCATGAAATTCAGAAGCTTACAGGTGATGAGAACTTCACCATTCCCTTC
 

>t15
GGTCCTATCCAATGCCTCTGTGGGCCCTCAGTTTCCTTTTTCTGGGATTGACGATCGAGAAAACTGGCCCATTGTCTTCTAC
 AACAGGACATGCCAGTGTYTGGGCAACTTCATGGGCTTCAATTGTGGGGACTGCAAGTTTGGCTACACCGGGCCAAACTGCACTGTGAGGAAGATGATGGTGAGGAAGGAAATTTACAGGCTGAGCACTGCTGAGAAGGACAAGTTTATTGCCTACCTTAACCTGGCCAAGCGAACCACCAGTGAGGATTATGTCATTGCCACCGGGACMTATGCCCAGATGGGCAATGGTACCAACCCCCTCTTTGCMGACATCAATGTCTATGACCTGTTTGTGT
 GGATACATTATTACGCCTCCAGGGATGCCTTTCTGGAAGGAGGYCAGGTGTGGCAAAACATTGACTTTGCCCATGAAGCTCCAGCCTTTCTTCCCTGGCACAGATTCTACCTGCTCCACTGGGAACAACAGCTCCAGAAGGTTACTGGTGATGAGAACTTTACTATTCCCTGC
 

>t16
GGTCTTGTCCAACTCCTCGGTGGGTCCACAGTTTCCTTTTTCTGGCATTGACGATCGAGAAAACTGGCCCATTGTCTTCTAC
 AACAGGACGTGCCAGTGTCTGGGCAACTTCATGGGCTTCAATTGCGGGGACTGCAAGTTTGGCTACACCGGGCCAAACTGCACTGTGAGGAAGGTGATGGTGAGGAAGGAAATTTATAGGATGAGCACTGCTGAGAAGGACAAGTTTATTGCCTACCTTAACCTGGCCAAGCGTACCATCAGCACAGACTACGTCATTGCCACTGGGACCTATGCCCAGATGGGCAATGGCACCAACCCCCTCTTTGCAGACATCAATGTCTATGACCTGTTTGTGT
 GGATACATTATTACGCCTCCAGAGACGCCTTCCTGGAAGGAGACCAGGTGTGGACAAACATTGACTTTGCACATGAAGCCCCAGGCTTTCTCCCTTGGCACAGATTCTACCTGCTCTATTGGGAGCAACAGATCCAGAAGGTTACTGGGGATGAGGACTTCACCATTCCCTTC
 

>t17
ACTCCCCTCCAACTCCCCTGTGGGTGCCCAGTTCCCTTTCTCAGGCATTGATGACCGAGAAAACTGGCCCATTGTTTTYTAC
 AACAGGACGTGCCAATGCCAGGGTAATTTCATGGGCTACAACTGCGGTGAGTGCAGGTTTGGCTACACAGGGCCAAACTGCACCGTTAGACGCAACATGATCAGAAAGGAGATCTTCAGGATGACCACGGCTGAGAAGGACAAGGTCATCGCCTACCTCAACTTGGCCAAGCGTACCATCAGCCCAGACTACGTTATCTCCACCGGCACTTATGAGCAGATGAACAATGGCTCCAATCCGATGTTCGCAGATATCAATGTCTACGATCTGTTTGTGT
 GGCTGCATTACTACGCCTCCAGAGATGCTTTCTTGGAAGATGGTAATGTGTGGGTCAACATAGACTTTGCCCATGAGGCCCCGGGCTTTCTGCCTTGGCACAGGTTCTTTTTGCTGCTTTGGGAACGGGAAATCCAGAAGGTGACCGGGGATGATAATTTTACTATTCCCTGC
 

>t18
TGTTGTATCTACCTCACCTTCAGGTGCTCAATTTCCCTTTAGTGGGATTGACGATCGGGAAAACTGGCCTATCGTCTTCTAC
 AACAGGACTTGCCAATGCCGGGGCAACTTTATGGGCTACAATTGCGGCGATTGTAAATTTGGGTTTGTTGGACCCAACTGTACGGTGGCAAGAAGGATGATCAGGAAGGAGATCTTCAAGATGACTGGAGCAGAGAAGGACAAGTTCATYGCCTACCTCAACCTGGCCAAACGCACCGTCAGCACAGACTTTGTCATCGCCACCGGGACCTATGAGCAAATGAATAATGGCTCCAACCCACTTTTTGCAGACATCAGCGTGTACGACCTGTTTGTGT
 GGCTGCACTATTACGCCTCCCGGGACGCTTTCCTCGGAGGTGACCTTGTGTGGAGCAATGTTGACTTTGCCCACGAAGCACCGGCCTTTTTGCCCTGGCACAGGTTCTATTTGCTCCACTGGGAGCATGAAATTCARAAGCTTACGGGTGATGAGAACTTCACCATTCCCTGC
 

>t19
AGTCCTGACTCTCTCACCTATCGGTCCTCAATTTCCCTTCAGTGGCATTGACGATCGGGAAAACTGGCCTGTAGTCTTCTAC
 AACAGGACCTGCCGATGCCAGGGCAACTTCATGGGCTACAATTGTGGCGATTGCAAGTTTGGCTTCACCGGTCCCAATTGTACCGTGCGAAAAACCATGGTCAGGAAAGAAATTTTCAGGATGACCGATGCGGAGAAGGACAAGTTCATCGCCTACCTCAATCTGGCCAAACGCACCATCAGCCAGGACTACGTCATAGCCACTGGCACTTACGAACAGATGAGCAATGGCTCCAACCCGCTCTTCGCGGACATCAACGTGTACGACCTGTTCGTGT
 GGCTGCACTATTACGCCTCCAGAGACGCCTTTGTAGAAGGTGGCAACGTGTGGARGGACATTGATTTTGCCCATGAAGCRCCGGCCTTTCTGCCCTGGCACAGGTACTTTCTTCTCCTTTGGGAGCATGAAATTCAGAAGGTCACAGAGGATGAGAACTTCACCATTCCCTTC
 

>t2
ARTCCTCTCCACTGCNTCTGTAGGCACTCAATTCCCTTTCTCTGGCATTGATGATCGAGAAAACTGGCCCATTGTCTTCTAC
 AACAGGACTTGCCAATGCCAGGGTAACTTCATGGGCTACCACTGTGGTGAGTGTAAGTTTGGCTATAGTGGTCCAAACTGCACCATCAGACGCACCTTGATCAGGAAGGAGGTCTTCAAGCTGAGTACTGCCGAGAAGGACAAGTTCCTTGCCTATCTRAATTTGGCCAAGCGCACCATCAGCCAGGACTTTGTCATTGCTACTGGYACATACGAGCAGATGAATAACGGTTCGAATCCTATGTTTGCGGATATCAATGTCTATGACCTGTTTGTGT
 GGCTSCACTACTATGCTTCCAGGGATGCGTTTCTTGAAGGAGGTGAAGTGTGGSAGAACATTGACTTTGCACATGAYGCTCCTGGCTTCGTCCCTTGGCACAGGTTCTTCCTGCTGCTTTGGGAGCGTGAGATCCAAAAGGTGGCGGGAGATGAAAACTTTACTATTCCGTAY
 

>t20
TGGCGTGCCCAATCGCCCAGTGGGTCCTCAATTTCCCCTCAGTGGCATTGACGATAGGGAAAACTGGCCTACCGTCTTCTAC
 AACAGGACCTGCCAATGCCGGGGCAATTTTATGGGCTACAACTGCGGCGACTGCAAATTTGGTTTCACCGGCCCCAACTGTACGGTGAGAAGAACGATGGTCAGGAAAGAAATCTTCAGGATGACCTCGGCGGAGAAGGACAAGTTCATTGCCTACCTCAACCTGGCCAAACGCACCATCAGCTCRGACTTTGTCATTGCCACCGGGACCTACGAGCAAATGAGCAATGGCTCCAACCCACTCTTCGCAGACATCAGTGTGTACGACCTGTTTGTGT
 GGCTGCATTATTATGCCTCCAGGGATGCGTTCCTAGACGGGGACCTGGTGTGGACAGATATTGACTTTGCCCATGAAGCGCCAGCCTTTTTGCCCTGGCACAGGTTTTTCCTGCTTCATTGGGAGCATGAAATTCAGAAGGTTACCGGCGCTGTGATCTTCACTCTTCCCTGC
 

>t21
AGTCCTGTCTACTTCTCCCGTGGGTCCTCAGTTCCCCTTYAGTGGCATTGACGACCGCGAAAACTGGCCTACAGTCTTCTAC
 AACAGGACCTGCCAATGCCAGGGCAACTTCATGGGCTACAACTGCGGCGAATGCAAATTTGGGTTCACCGRCCCCAACTGTACCGTGAGAAGGACAATGATCAGGAAAGAAATCTTCAGGATGACTACGGCGGAGAAGGAAAAGTTCATCGCCTACCTCAATCTGGCCAAACGCACCATCAGCCAGGACTTTGTCATAGCCACCGGGACCTACGAACAAATGAATAATGGCTCCAACCCACTCTTTGCTGACATCAACGTGTATGACCTGTTTACGT
 GGATACACTATTATGCCTCCAGAGATGCMTTCCTTGAAGGTGACCTGGTGTGGAGGGATGTTGATTTTGCCCACGAAGCGCCAGCCTTTGTGCCCTGGCACCGCTACTTCTTGCTTCTTTGGGAGCGTGAAATTCAGAAGCTCACGGGGGATGAGGACTTCACCATCCCCTGC
 

>t22
GGTCATCTCTGACTCCCCTGTGGGTTCCCAGTTCCCTTTTTCGGGGGTTGATGACCGAGAAAACTGGCCCATCGTCTTCTAC
 AACAGGACTTGCCAATGCCAGGGTAACTTCATGGGTTACAATTGTGGCGAATGCAGGTTTGGCTTCACGGGACCCAACTGCACCGTTCGACGGACCGCAATCAGAAAGGAGATCTTCAAGTTGACTGAGGCCGAGAAGGATAAGTTCATCGCCTATCTCAACTTGGCCAAGCGTACCATCAGCCAGGACTTTGTCATTTCCACCGGCACATATGATCAGATGAACAATGGGTCCAACCCGCTATTCGCAGACATCAACGTTTATGACCTGTTCGTGT
 GGCTACATTACTACGCCTCCAGAGATGCTTTCTTGGAAGGTGGCGGTGTGTGGCAAGACATTGACTTTGCCCATGAGGCTCCTGGCTTCGCACCTTGGCACAGGTTCTTTCTGCTGCTTTGGGAAAGGGAAATCCAGAAGATGGCAGGGGATGAAAACTTCACTATTCCCTNC
 

>t23
AGTCATCTCCAACTCCACTGTGGGTGCCCAGTTCCCATTTTCGGGCATTGACGATCGAGAAAACTGGCCCATTGTCTTCTAC
 AACAGGACTTGCCARTGCCAGGGCAACTTCATGGGCCACAATTGTGGGGAGTGTAGGTTTGGCTATAGTGGCCCAAACTGCACAGTTAGGCGCAATTTGATCAGAAAGGAGATCTTTAGGATGACCACGGCTGAGAAGGACAAGTTCATCGCCTATCTCAACTTGGCCAAGCGTACCATCAGCCCGGATTACGTCATTTCCACCGGCACTTATGAGCAGATGAACAATGGCTCCAATCCGATGTTTGCGGATATCAATGTCTACGATCTGTTTGTGT
 GGCTGCATTATTACGCCTCCAGAGATGCTTTCGTGGAAGGTGGCGGCGTATGGGAAAACATTGACTTTGCCCACGAAGCTCCTGGCTTTTTGCCGTGGCACAGGTTCTTTYTGCTGCTTTGGGAACGGGAAATTCAGAAGGTGACTGGGGATGAAAATTTTACTATTCCCTTC
 

>t24
GGTCCTCTCCACCTCCCCCGTGGGTGCTCAGTTCCCGTTCTCGGGCATCGACGACCGAGAAAACTGGCCTTTCGTCTTCTAC
 AACCGGACTTGCCGATGCCGGGGCAACTTCATGGGCTACAACTGCGGCGAGTGTAGGTTTGGCTACACCGGACCCAACTGCACCGCCCGCCGCAATATAATCAGGAAGGAGATCTTCAAGATGACCACGGCGGAGAAGGACAAGTTCATCGCCTATCTCAACTTGGCCAAGCGGACCGTCAGCCCGGATTTTGTCATTTCCACCGGCACCTACGAGCAGATGAGCAACGGCTCCAACCCCATGTTCGCGGATATCAACGTCTACGATCTGTTCGTGT
 GGCTCCATTACTACGCCTCTAGAGATGCCTTCGTGGACGGTGGCGGGGTGTGGGAGAACATTGACTTTGCCCATGAGGCTCCGGGCTTTTTGCCTTGGCACAGGTTCTTTCTGCTGCTTTGGGAACGGGAAATCCAGAAGGTGGCGGGGGATGAGAACTTCACCATTCCCTTC
 

>t25
GGTCCTATCTACCTCGCCTGTGGGTCCTCAATTCCCCTTTAGTGGGATCGACGATAGGGAAAACTGGCCTACAGTCTTCTAC
 AACCGGACCTGCCGGTGCCAGGGCAACTTCATGGGTTACGATTGTGGCGACTGCAAATTTGGTTTCATTGGCCCCAACTGTACGGTGAGCAGACGACTGATCCGGAAAGAAATTTTCCGGATGACCACGGCGGAGAAGGACAAGTTCATCGCCTACCTCAACCTGGCCAAACGTACCATCAGCCCGGACTATGTCATAGCCACCGGGACCTACGAGCAGATGAACAATGGGTCCAACCCACTTTTTGCCGACATCAATGTCTATGACCTGTTCGTGT
 GGCTGCACTACTATTCCTCCAGAGACGCCTTCATAGAAGGAGGCCAAGTGTGGACCGACATTGACTTTGCCCATGAGGCGCCGGCCTTTGCCCCCTGGCATAGGTACTTCTTGCTGCGCTGGGAGTACGAAATTCAGAAGATCACTGGGGATGAGAACTTCACCATTCCCTGC
 

>t26
AGTCCTATCTACCTCGCCTTTGGGTCCTCAATTCCCCTTTAGCGGGATCGACGATAGGGAAAACTGGCCTACGGTCTTCTAC
 AACAGGACCTGCCAGTGCCGGGGCAACTTCATGGGTTACAATTGTGCCGACTGCAAATTTGGTTTCACCGGCCCCAACTGTACGGTGAGGAGACGACTGGTCAGGAAGGAAATTTTCCGCATGACCACGGCAGAGAAGGACAAGTTCATTGCCTACCTCAATCTGGCCAAACGCACCGTCAGCCCGGACTAYGTCATAGCCACCGGGACCTACGAACAGATGAACAACGGCTCCAACCCGCTTTTTGCCGACATCAACGTCTACGACCTCTTCGTGT
 GGCTGCACTATTATTCCTCCAGAGACGCTTTCGTGGAAGGCGGCCAAGTGTGGACGAACGTTGACTTTGCCCACGAGGCGCCGGCCTTTGCGCCCTGGCAYAGGTACTTCTTGCTGCGTTGGGAGTACGAAATTCAGAAGGTCACGGGGGAKGAGAATTTCACCATTCCCTTC
 

>t27
AGTCCCATCTACCTCGCCTTCGGGTCCNCAATATCCCTTTAGTGGGATCGACGACAGGGAAGACTGGCCGACAGTCTTCTAC
 AACCGGACCTGCCGATGCCGGGGYGACTTCATGGGTTACAATTGTGGCGAATGCAAATTTGGTTTCACTGGCGCCAACTGCACCGTGAGAAGAAGATTGGTCAGGAAAGAAATTTTTAGGATGACTACGGCAGAGAAGGACAAGTTCATCGCCTACCTCAATCTGGCCAAACGCACCATCAGCCCGGACTACGTCATAGCCACCGGGACCTACGAACAAATGAACAACGGATCCAACCCGCTTTTTGCGGACATCAACGTGTACGACCTTTTCGTGT
 GGCTGCACTACTATTCCTCCAGAGATGCTTTCCTAGAAGGCGGCCAAGTGTGGACGAATGTTGACTTTGCCCACGAAGCGCCAGCCTTTGCGCCCTGGCACAGGTACTTCTTGCTGCGTTGGGAGTTCGAAATTCAGAAGGTTACGGGGGACGAGAACTTTGCCATTCCCTTC
 

>t28
AGTCATCTCCGACTCCCCCGTGGGTGCCCAGTTTCCATTCTCAGGCATTGACGACCGAGAAAACTGGCCTTTCGTCTTCTAC
 AACCGGACTTGCCAATGCCAGGGCAACTTCATGGGCTACAATTGTGGCGAGTGCAGGTTTGGTTACRCCGGGCCGAACTGCACCGTTCAACGCAATCTAATCAGAAAGGAGATCTTCAAGATGACCACGGCTGAGAAGGACAAGTTCATCGCCTATCTCAACTTGGCCAAGCGCACYGTCAGCCCGGATTTTGTCATCGCCACYGGCACCTATGAGCAGATGAACAAYGGCTCCAATCCGATGTTTGCAGATATCAGCGTCTACGATCTGTTTGTGT
 GGCTGCATTACTAYGCCTCCAGAGACGCTTTCGTGGAAGGTGGCGGAGTGTGGGCGAACATAGACTTTGCCCATGAGGCTCCCGGCTTTTTGCCTTGGCACAGGTTCTTTCTGCTGCTTTGGGAACGGGAAATCCAGAAGGTGGCGGAGGATGAGAACTTCACTATTCCCTTC
 

>t29
TGTCCTGTCTATCTCCCCTTATGGTACACAATTTCCCTTTAGCGGCGTTGACGATCGGGAAAACTGGCCAATTGTCTTCTAC
 AACAGAACCTGCCAATGTCAGGGCAATTTTATGGGCTACAATTGTGGTGATTGTAAATTTGGTTTCATTGGCCCCAACTGCACGGTTAGAAGAACGCTGGTCCGGAAGGAAATCTTTCGGATGACTGCGTCGGAGAAGGACAAGTTCATCGCCTATCTCAATCTCGCCAAGCGCAGCATCAGCTCTGAATATGTGATAGCCACCGGGACCTACGACCAAATGAACAATGGCTCCAACCCTCTTTTCACAGATGTCAGCGTGTACGACCTGTTTGTGT
 GGCTCCACTATTACGCCTCCAGGGACGCTTTCCTAGAAGGTGACCTTGTGTGGAGAAATATTGACTTTGCCCATGAAGCGCCAGCATTTCTGCCCTGGCACAGGTTCTTCTTGCTTCATTGGGAACATGAGATTCAGAAAGTTACGGGTGATGAGAACTTCACCATCCCCTTC
 

>t3
AGTCCTCTCCACTGCTCCTGTAGGCACTCAATTCCCTTTCTCTGGCATCGACGACCGAGAAAACTGGCCCATTGTCTTCTAC
 AATAGGACTTGCCAATGTCAGGGTAACTTCATGGGCTACCACTGTGGTGAGTGTAAGTTTGGCTACTCTGGTCCAAACTGCACCGTCAGGCGCACCCTGATCAGGAAGGAGGTCTTCAAGCTGAGTACGGCCGAGAAGGACAAGTTCCTTGCCTATCTAAATTTGGCCAAGCGCACCATCAGTCAGGACTTTGTCATTGCTACTGGTACTTACGAGCAGATGAATAACGGCACGAATCCTATGTTTGCGGATATCAATGTCTAYGACCTGTTTGTGT
 GGCTGCACTACTATGCTTCCAGGGATGCGTTCCTTGAAGGAGATGAAGTGTGGCAGAACATTGACTTTGCGCATGAGGCTCCTGGCTTCGTCCCTTGGCACAGGTTCTTCCTGCTGCTTTGGGAGCGTGAGATCCAGAAGGTGGCGGGAGACGAAAACTTTACTATNCCGNAC
 

>t30
TGTTGTGTCTACCTCACCTTTGGGTCCTCAATTTCCCTTTAGTGGGATCGACGATAGGGAAAACTGGCCTACAGTCTTCTAC
 AACAGGACTTGCCAATGCCAGGGCAACTTCATGGGCTACAACTGTGGCGATTGCAAATTTGGTTTCACCGGCCCCAACTGTACGGTGAGAAAAACCATGATCAGGAAAGAAATCTTCAGGATGACTACAGCGGAGAAGGACAAGTTCATTGCCTACCTCAATCTGGCCAAACGCACCATCAGCTCGGWCTATGTCATAGTCACCGGGACCTACGAACAAATGAACAACGGATCCAACCCACTTTTTGCTGACATAAACGTGTACGATCTGTTTGTGT
 GGCTGCACTACTATTCCTCCAGAGATGCCTTYCTGGAAGGTGACCAAGTGTGGGCCAATGTTGACTTTGCCCACGAAGCGCCAGCCTTTCTGCCCTGGCACAGGTACTTCTTGCTGCTTTGGGAGCGTGAACTTCAGAAGGTTACGGGGGATGAGAACTTCACTATTCCCTTC
 

>t31
TGTCCTGTCTAACTCTACATTGGGTCCACAATTTCCCTTCAGTGGGATCGACGACCGGGAAAACTGGCCCACCGTCTTCTAC
 AACCGGACCTGCCAATGCGGGGGCAACTTCATGGGCTACAACTGCGGCGACTGCAAGTTTGGTTTCATCGGCCCCAACTGTACGGCGAGAAGAACGRTGGTCAGGAAGGAGATCTTCAGGATGACCGCGGCGGAGAAGGACAAGTTCATCGCCTACCTCAATCTGGCCAAACGCACCATCAGCCCGGACTATGTCATAGCCACCGGGACCTACGCCCAAATGAACAATGGCTCCAACCCACTTTTTGCAGATATCGGCGTCTATGACCTGTTTGTGT
 GGCTGCACTATTACGCCTCCAGGGACGCGTTCCTAGGAGGTGACCTTTTGTGGAGAGACATTGATTTTGCCCACGAAGCTCCGGCCTTCCTGCCCTGGCACCGGTTCTTCTTGCTTCACTGGGAGCATGAGATTCAGAAGCTTACAGGAGACGAGAACTTCACCATTCCCTGC
 

>t32
TGTCCTGTCTACCTCACCGTTGGGTCCTCAATTTCCCTTTAGTGGGATTGACGATCGGGAACATTGGCCTACTGTCTTCTAC
 AACAGGACCTGCAAGTGCCAGGGCAACTTTATGGGCTACAATTGTGGCGACTGCAAATTTGCTTTCATCGGCGCCAACTGTACTGTTAGAAGAACGATGATCAGGAAAGAAATCTTCAGGATGACTGCGGCGGAGAAGGACAAGTTCGTCGCCTACCTCAATCTGGCCAAACGCACCATCAGCCAAGACTATGTCATCTCTACTGGGACCTACGAGCAAATGAGCAATGGCTCCAACCCACTTTTTGCAAACATCAGCGTGTATGACCTGTTTGTGT
 GGCTGCACTATTACGCCTCCAGGGACGCTTTCCTACCAGGTGACCTTGTGTGGCAAAATATCGACTTTGCCCATGAAGCGCCAGCCTTTCTGCCCTGGCACAGGTTCTTCTTGCTTCAATGGGAGCATGAAATTCAGAAGCTTACAGATGACGAGAACTTCACCATTCCCTGC
 

>t33
TGTCCTGTCTAACTCACCTTTGGGTCCACAATTTCCCTTTAGTGGGATTGACGATAGGGAGAACTGGCCAACTGTTTTCTAC
 AACAGGACCTGCCAATGCCAGGGCAACTTCATGGGCTACAATTGTGGCGATTGCAAATTTGGTTTCATCGGCCCAAACTGTACGGTGAGAAGAATGATGATCAGGAAAGAAATCTTCAGGATGACTGCGGCGGAGAAGGACAAGTTCATTGCCTACCTCAATCTGGCCAAACGCACCGTCAGCCAAGACTTTGTCATAGCCACCGGGACCTATGACCAAATGAACAATGGCTCCAACCCACTTTTTGCAGATATTAGCGTGTATGACCTGTTTGTGT
 GGCTGCACTATTATGCCTCCAGAGATGCCTTCCTAGAAGGTGACCTTGTATGGAGTAATGTGGATTTTGCCCACGAAGCACCAGCCTTTCTGCCCTGGCACAGGTTCTTCTTGCTTCATTGGGAGCATGAAATTCAAAAACTTACAGGGGACGAGAACTTCACCATTCCCTTC
 

>t34
AGTTCTGTCTACCTCACCTTTGGGTCCTCAATTTCCCTTCAGTGGCGTTGATGATCGGGAAAACTGGCCTATAGTCTTCTAC
 AACAGGACCTGCCAATGCCAGGGCAATTTCATGGGCTACAATTGTGGCGACTGCAAATTTGGTTTCACCGGCCCCAATTGTACGTTGCGAAAAACCATGATCAGAAAAGAAATCTTCAGGATGACTGCGGCGGAGAAGGACAAGTTCATCGCCTACCTCAATCTGGCCAAACGTACCATCAGCCCGGAGTATGTTATAGCCACCGGGACCTATGAACAAATGAACAATGGCTCCAACCCGCTTTTTGCAGACATCAACACGTACGACCTGTTTGTGT
 GGCTGCACTATTATTCCTCCAGAGATGCCTTCTTAGAAGGTGACCTCGTGTGGACAAATGTTGATTTTGCCCACGAAGCGCCAGCCTTTCTGCCCTGGCACAGGTACTTCTTGCTTCTTTGGGAGCATGAAATTCAGAAGTTGACTGGTGATGAGAACTTCACTATCCCCTTC
 

>t35
TGTCCTGTCTAWCTCTCCATCGGGTTCACAATTTCCCTTTAGCGGCATTGACGATAGGGAAAACTGGCCAATTGTCTTCTAC
 AACAGGACCTGCCAATGTCAGGGCAACTTCATGGGCTACAATTGTGGCGATTGCAAATTTGGTTTCATTGGTCTAAACTGTACGGTGAGAAGAACAATGATCAGAAAGGAAATCTTTAGGATGACTGTGGCTGAGAAGGACAAGTTCATCGCCTACCTCAATTTTGCCAAACGCAGTATCAGCTCCGACTATGTAATTGCCACCGGGACCTACGAACAAATGAACAATGGCTCCAATCCGCTTTTCGCAGATATCAGTGTGTATGACCTGTTTGTGT
 GGCTGCACTACTACGCCTCCAGGGACGCTTTCCTAGAAGGTGACCTCGTGTGGAGAAATATTGATTTTGCCCATGAAGCACCAGCATTTCTGCCTTGGCACAGGTTCTTCTTGCTTCATTGGGAGAATGAGATTCAGAAGCTTACGGGTGATGAGAACTTCACCATCCCCTKC
 

>t36
TGTAGTGTCTACTTCACCTTTGGGTCCTCAATTCCCCTTCAGTGGCATTGACGATAGGGAAAACTGGCCTATGGTCTTCTAC
 AACAGGACCTGCCAATGCCAGGGCAACTTCATGGGCCCCAATTGTGGCGAGTGCAGATTTGGCTTCACCGGCTCTAATTGTACGGTGAGAAAAACCATGATCMGGAAAGAAATCTTCAGGATGACTACGGTGGAGAAGGACAGGTTCATTGCCTACCTCAATCTGGCCAAACGCACCATCAGCCCGGACTATGTCATAGCCACCGGGACCTACGAACARATGAACAATGGCTCCAACCCACTTTTTGCTGACATCAACGTCTACGACCTGTTTGTAT
 GGCTGCACTACTATTCCTCCAGAGACGCCTTCCTAGAAGGTGACCAAGTGTGGGCGAATATTGATTTTGCCCAYGAAGCRCCAGCCTTTTTGCCCTGGCACAGGTACTTCTTGCTTCTTTGGGAGCATGAAATTCAGAAGGTTACAGGGGATGAGAACTTCACTATTCCCTTC
 

>t37
AGTCTTATCTACCTCACCTTTGGGTCCTCAATTTCCCTTCAGTGGCATTGACGATAGGGAAAACTGGCCTACAGTTTTCTAC
 AACAGGACCTGTCGATGCCAGGGCAACTTCATGGGCTACAATTGTGGTGACTGCAAATTTGGTTTCACTGGCCCGAATTGTACGGTGAGAAAAACCTTGATCAGGAAAGAGATCTTCAGNATGACTGCGGCGGAGAAGGACAAGTTCATTGCCTACCTCAATCTGGCCAAACGCTCCATCAGCCCGGACTATGTCATAGCCACCGGGACCTACGAACAAATGAACAATGGATCCAGCCCTCTTTTCGCAGACATCAACGTGTACGACCTGTTTGTGT
 GGCTGCACTATTATTCCTCCAGAGACGCCTTCTTAGAAGGTGACCTGGTGTGGACAAATATTGACTTTGCCCATGAAGCGCCAGCCTTCCTGCCCTGGCACAGGTACTTCTTGCTTCTTTGGGAGCATGAAATTCAGAAGCTGACGSAGGATGAGAACTTCACCATCCCCTTC
 

>t38
TGTTGTGTCTACCTCGCCTTCAGGTCCTCAATTTCCCTTTAGTGGGATCGACGATAGAGAAAACTGGCCTACAGTCTTCTAC
 AACAGGACCTGCCAATGCCAGGGCAACTTCATGGGCTACAACTGTGGCGATTGCAAATTTGGTTTCACCGGCCCCAATTGTACGGTGAKAAAAACGATGATCAGGAAAGAAATCTTCAGGATGACTACGGCGGAGAAGGACAAGTTCATTGCCTACCTCAATCTGGCCAAACGCACCATCAGCTCGGACTTTGTCATAGCCACCGGGACCTACGAACAAATGAACAATGGATCCAACCCGCTTTTTGCTGACATCAACGTGTACGACCTGTTTGTGT
 GGCTGCACTACTATTCCTCCAGAGATGCCTTCCTGGAAGGGGACCAGGTGTGGACGAATGTTGACTTTGCCCACGAAGCGCCAGCCTTTCTGCCCTGGCACAGGTACTTCTTGCTGCTTTGGGAACGTGAACTTCAGAAGGTTACGGGTGATGAGAACTTCACCATTCCCTTC
 

>t39
TGTCCTGTCTAACTCACCTTTGGGTCCTCAATTTCCCTTTAGTGGGATTGACGATAGGGAAAACTGGCCTACTGTCTTCTAC
 AACAGGACCTGCCAATGCCAGGGCAACTTCATGGGCTACAATTGCGGGGATTGCAAATTTGGTTTCATCGGCCCCAACTGTACAGTAAGAAGAACGATAATCAGGAAAGAAATCTTCAGGATGACTGCGGCGGAGAAGGACAAGTTCATTGCCTACCTCAATCTGGCCAAACGCACCGTCAGCCCAGACTATGTCATAGCCACCGGGACCTATGACCAAATGAACAATGGCTCCAACCCACTTTTTGCAGACATCAACGTGTATGACCTGTTTGTGT
 GGCTGCACTATTATGCCTCTAGAGACGCTTTCCTAGAAGGTGACCTTGTGTGGAGAGATGTTGATTTTGCCCACGAAGCACCAGCTTTTCTGCCCTGGCACAGGTTCTTCTTACTTCACTGGGAATATGTAATTCAGAAACTTACAGGTGATGAGAACTTTACCATTCCCTTC
 

>t4
AGTCCTCTCCACCGCTCCTGTGGGCGCTCAGTTCCCCTTCTCCGGCATTGACGACCGAGAAAACTGGCCCATTGTCTTCTAC
 AACAGGACTTGCCAGTGTCGAGGTAACTTCATGGGTTACAATTGCGGCGAGTGTAAATTTGGCTATGCCGGGCCAAACTGCACTGATAGGCGAACCCTGATCAGGAAGGAGATATTGAAGATGAGCACCGCGGAGAAGGACAAGTTTCTCGCCTACCTCAACTTGGCCAAACGCACCATCAGCCCAGACTTTGTCATAGCAACTGGAACCTATGAGCAGATGAACAACGGCTCCAACCCTCTCTTTGCGGATATCAACGTCTACGACCTGTTTGTGT
 GGCTGCATTACTACGCATCCAGGGATGCTTTCCTAGAAGGAGGCGCCGTGTGGCAAAACATCGACTTTGCTCATGAGGCTCCTGGCTTTCTGCCTTGGCACAGGTATTTCCTACTGCTTTGGGAACGTGAAATCCAGAAGACAACAGGGGATGAAAACTTCACCATTCCCTRC
 

>t40
AGTCGTCTCCGATTCCCCGGTGGGTGCCCAGTTTCCTTTCTCCGGCATTGATGACCGRGAAAACTGGCCCATCGTCTTTTAC
 AACAGGACTTGCCAATGCCAGGGTAACTTTACAGGCTACAATTGTGGYGAGTGTAAGTTTGGCTACGCAGGACCAAAYTGCACCATTAGACGCAACTTGATCAGGAAGGAGATCTTCAAGATGACCACGGCTGAGAAGGACAAGTTCATCGCTTATCTCAACTTGGCCAAGCGTACCATCAGCCYGGATTATGTCATTTCCACCGGCACATATGAGCAGATGAATAATGGCTCCAATCCGATGTTTGCAGATATCACGGTCTATGACCTSTTTGTGT
 GGCTGCATTACTACGCCTCACGAGATGCTTTCGTGGAAGGTGGTGGTGTGTGGGAAAACGTTGACTTTGCCCATGAGGCCCCTGGCTTTTTGCCTTGGCACAGGCTCTTTCTGCTGATTTGGGAACGGGAAATCCAGAAGGTGGCGGGGGATGAAAACTTCACGATTCCCTGC
 

>t41
AGTCCTATCTACTTCGCCTTTAGGTCCTCAATTTCCCTTTAGTGGGATTGACGATAGGGAAAACTGGCCTACGGTCTTCTAC
 AACAGGACCTGCCAGTGCCAGGGCAACTTCATGGGTTACAATTGTGCCGACTGCAAATTCGGTTTCACCGGCCCCAACTGTACGGTGAGAAGGAGACTGATCAGGAAAGAAATTTTCCGGATGACCACGGCGGAGAAGGACAAGTTCATCGCCTACCTCAACCTTGCCAAACGCACCATCAGCTCGGACTACGTCATAGCCACCGGGACCTACGAACAGATGAACAATGGGTCCAACCCGCTTTTTGCCGACATCAACGTCTACGACCTGTTCGTGT
 GGCTGCACTATTATTCCTCCAGAGACGCTTTCCTAGAAGACGGCCAAGTGTGGACGGACGTCGACTTTGCCCACGAGGCGCCGGCGTTTGCCCCCTGGCACAGGTACTTCTTGCTTCGTTGGGAGTACGAGATTCAGAAGATTACTGGAGATGAGAACTTCACCATTCCCTTC
 

>t42
AGTCCTATCAACCTCGCCTTTGGGTCCTCAATTTCCCTTTAGTGGGATTGACGATAGGGAAAACTGGCCTACGGTCTTCTAC
 AACAGGACCTGCCAGTGCCAGGGCAACTTCATGGGTTACAATTGTGCCGACTGCAAGTTTGGTTTCACCGGCCCCAACTGTACGGTGAGAAGGAGAATGATCAGAAAAGAAATTTTCCGGATGACCACGGCGGAGAAGGATAAGTTCATTGCTTACCTCAACCTGGCCAAACGCACCATCAGCCCGGACTACGTCATAGCCACCGGGACCTACGAACAGATGAACAACGGGTCCAACCCGCTTTTTGCCGACATCAACGTCTACGACCTGTTTGTGT
 GGCTGCACTATTATTCCTCCAGAGACGCTTTCATAGAGGGCGGCCAAGTGTGGGCGAACGTCGACTTTGCCCACGAGGCGCCGGCCTTTGCCCCCTGGCACAGGTACTTCTTGCTGCGTTGGGAGTTCGAGATTCAGAAGGTCACGGGGGATGAGAACTTCACCATTCCCTGC
 

>t43
AGTCTTGTCGACCTCCCCTTTGGGTCCTCAATTTCCCTTCAGTGGCATTGACGATAGAGAAAATTGGCCGACCGTCTTCTAC
 AACAGGACCTGTCAATGCCAGGGCAACTTCATGGGCTACAATTGTGGCGATTGCAAATTTGGTTTCACTGGCCTCAATTGTACAGTGAGAAGAACCATGATCAGGAAAGAAATCTTCAGGATGACTGCGGCGGAGAAGGACAAGTTAATCGCCTACCTCAATCTGGCCAAACGTTCAACCAGCACAGACTATGTCATCGCCACTGGGACCTACGCACAAATGAACAATGGCTCCAACCCACTTTTTGCAGACATCAACGTGTATGACCTGTTTGTGT
 GGCTGCACTATTATTCCTCCAGAGATGCCTTCTTGGAAGGTGACCAGGTGTGGAGAAATATTGATTTTGCCCACGAAGCGCCAGCCTTCCTGCCCTGGCACAGGTACTTTTTGCTTCTTTGGGAGCATGAAATTCAGAAGCTGACGGGAGATGAGAACTTCACCATCCCCTTT
 

>t44
AGTCGTCTCTGATTCCCCGGTGGGCCCCCAATTCCCTTTCTCAGGCATTGATGACCGAGAAAACTGGCCCATCGTCTTTTAC
 AACAGGACATGCCAATGCCAGGGCAACTTTACAGGCCACAATTGTGGCGATTGTAAGTTTGGCTACACGGGTCCGAATTGCACCATTAGACGCAACCTGATCAGGAAGGAGATCTTCAAGATGACCACGGCTGAGAAGGACAAGTTCATCGCTTATCTTAACTTGGCCAAGCGTACCATCAGCCCAGATTATGTCATTTCCACTGGCACATATGAGCAGATGAGTAATGGCTCCAATCCGATGTTTGCAGATATCAGTGTCTATGATTTGTTTGTGT
 GGTTGCATTACTACGCCTCCCGAGATGCATTTGTGGAAGGTGGCGGTGTGTGGGCAAACATCGACTTTGCCCATGAGGCCCCTGGCTTTTTGCCTTGGCACAGGCTCTTTCTGCTGATTTGGGAACGGGAAATCCAGAAGGTGGCGGGCGATGAAAACTTTACTATTCCCTNC
 

>t45
AGTTCTGTCTACCTCACCTTTGGGTCTTCAATTTCCCTTCATTGGCATTGACGATAGGGAAAACTGGCCTATAGTCTTCTAC
 AACAGGACCTGCCAATGCCAGGGCAACTTCATGGGCTACAATTGTGGCGATTGCAGATTTGGTTTCACTGGCCCCAATTGTACAGTGAGAAAAACCATGGTCAGGAAAGAAATCTTCAGGATGACTGCGGTGGAGAGGGACAAGTTCATCGCCTACCTCAATTTGGCCAAACGTTCTGTCAGCTCAGACTATGTCATAGCCACTGGGACTTACGCACAAATGAACAATGGTTCCAACCCACTTTTTGCAGACATCAATGTATACGATCTGTTTGTGT
 GGCTGCACTATTATTCCTCCAGAGATGCCTTCTTAGAAGGTGACTTTGTGTGGACCAATATTGATTTTGCCCATGAAGCACCAGCCTTTCTGCCCTGGCACAGGTACTTCTTGCTTCTTTGGGAGCATGAAATTCAGAAGCTTACTGAGGATGAGAACTTCACCATTCCCTTC
 

>t46
AGTCGTCTCCAACTCCCCAGTGGGTGCTCAGTTCCCGTTCTCGGGCATTGACGACCGAGAAAACTGGCCTATGGTCTTCTAC
 AACAGGACTTGCCAATGCCAGGGCAACTTCATGGGCTACAACTGTGGCGAGTGTAGGTTTGGTTACACTGGACCAAATTGCACCGTTAGAACCAATTTGGTCAGAAAGGAGATCTTTAAGCTGACCACAGCTGAAAAGGACAAGTTCATCGCCTATCTCAACTTGGCAAAGCGCACAATTAGCCCGGATTATGTCATTTCCACCGGCACCTACGAGCAGATGAGCAATGGCTCCAATCCGATGTTTGCGGATATCAATGTCTATGATCTGTTTGTGT
 GGCTGCATTATTACGCCTCCAGAGATGCTTTTGTGGAAGGTGGCGGTGTGTGGGAAAACATTGACTTTGCCCATGAGGCTCCTGGCTTCTTGCCTTGGCACAGGTTCTTTCTGCTGCTTTGGGAACGGGAAATCCAAAAGGTGGCAGGGGATGAAAACTTCACTATTCCCTNC
 

>t47
AGTKNTCTCCAACTCCCCCGTAGGTGCTCAATTCCCATTCTCAGGTATTGATSACCGAGAAAACTGGCCCATTGTCTTCTAC
 AACAGGACTTGCCAATGCCAGGGCAACTTCATGGGAWACAACTGTGGTGAGTGTAKATTKGGCTACACTGGACCAAACTGCACTGTTAGACGTAATATGATCAGAAAGGAGATCTTCAAAATGACCACGGCTGAGAAGGACAAGTTCATCGCCTATCTCAACTTGGCCAAGCGTACCATCAGCCCGGANTACGTCATTTCCACTGGCACTTACGAGCAGATKAACAATGGTTCCAATCCGATGTTTGCGGATATCAATGTCTATNATCTGTTTGTGT
 GGCTGCATTATTACGCYYCCAGAGATGCTTTCGTGGAAGGTGGC---GTATGGGAAAACATTGACTTTGCCCATGAGGCTCCTGGCTTTTTGCCTTGGCACAGGTTCTTTCTGCTGCTTTGGGAACGGGAAATCCAGAAGGTGACAGGGGATGAAAATTTCACTATTCCCTTC
 

>t48
AGTCCCCTCCAACTCCCCTGTGGGTGCCCAGTTCCCTTTCTCGGGCATTGATGATAGAGAAGACTGGCCCATTGTCTTCTAC
 AACAGGACCTGCCAATGCCAGGGTAACTTCTCCGGCTACAATTGTGGTGAGTGCAGGTTTGGCTACACAGGACCTAACTGCACCATTAARCGCAACATGATCAGAAAGGAGATCTTCAGGATGACCACGGCTGAGAAGGACAAGCTCATCGCCTACCTCAACTTGGCCAAGCGTACCATCAGTCCGGACTATGTTATTGCCACTGGCACTTATGAACAGATGAACAATGGCTCCAATCCAATGTTCGCAGATATCAATGTCTACGATCTGTTTGTGT
 GGCTGCATTACTATGCCTCCAGAGATGCTTTCTTGGAAGATGGCAGTGTGTGGGCCAACATAGACTTTGCCCATGAGGCTCCTGGCTTTTTGCCTTGGCACAGGTTCTTTCTGCTACTTTGGGAACGGGAAATCCAGAAGGTGACCGGGGATGAAAATTTCACTATTCCCTTT
 

>t49
AGTCGTCTCCAACTCCCCCGTGGGCACCCAGTTCCCTTTCTCAGGTATTGATGACCGAGAAAATTGGCCTATCATCTTCTAT
 AACAGGACTTGCCAATGCCAAGGTAACTTCATGGGCTACAATTGTGGTGAGTGCAGGTTTGGCTACACTGGACCCAACTGCACTATTAGACGCACNGTGATCAGAAAGGAGATCTTCAGGATGAGCACAGCTGAGAAGGATAAGTTNATTGCTTACCTCAACCTGGCCAAGCGTACCATCAGCCCAGACTTTGTCATTTCCACCGGCACNTATGAGCAGATGAACAATGGCTCCAATCCGATGTTTGCAGACATCAATGTCTACGATCTGTTTGTGT
 GGTTGCATTACTACGCCTCCAGAGATGCTTTCTTGGAGGATGGTAGTGTGTGGGCAAACATTGATTTTGCTCATGAGGCTCCTGGCTTTTTGCCTTGGCACCGGTTCTTCCTGCTGCTTTGGGAACGGGAAATCCAGAAGGTGACGGGCGATGACAACTTCACTATTCCCTTC
 

>t5
AGTTCTCTCCACTGCTCCTGTAGGCACTCAATTCCCTTTCTCCGGGATCGATGACCGAGAAAATTGGCCCATTGTCTTCTAC
 AACAGGACTTGCCAATGCCAGGGCAACTTCATGGGCTACCACTGTGGTGAGTGTAAGTTTGGCTACGCTGGACCAAACTGCACCRTTAGACGCACCCAGATCAGGAAGGAGGTTTTCAAGCTGAGTACGGCCGAGAAGGACAARTTCCTTGCCTATCTAAATTTGGCCAAGCGCACTGTCAGCCAAGACTTCGTTATYGCTACTGGTACTTATGAGCAGATGAATAATGGTTCCAACCCTATGTTTGCGGATATCAATGTCTACGACCTGTTTGTGT
 GGCTGCACTACTATGCTTCCAGGGATGCTTTCCTTGAAGGAGGTGAAGTGTGGGAGAACATTGACTTTGCCCACGAGGCTCCTGGCTTCGTCCCTTGGCACAGGTTCTTTCTGCTGCTTTGGGAGCGTGAGATCCAAAAGGTGGCAGGAGATGAAAATTTTACTATTCCRTRC
 

>t6
AGTCTTGTCTACCTCACCTGTGGGTCCTCAATTTCCCTTCAGTGGCATTGATGATAGAGAAAATTGGCCTACAGTCTTCTAC
 AACAGGACCTGTCGATGCCAGGGCAACTTCATGGGCTACAATTGTGGTGACTGCAGATTTGGTTTCACCGGCCCCAATTGTACAGTGAGAAAAAACATGATCAGGAAAGAAATCTTCAGGATGACTGCAGCGGAGAAGGACAAGTTCATCGCCTACCTCAATCTGGCCAAACGTTCCATGAGCACAGACTATGTCATTGCCACTGGGACCTACGAACAAATGAACAATGGCTCCAACCCACTTTTTGCAGACATCAACGTGTATGACCTGTTTGTGT
 GGCTGCACTATTATTCCTCCAGGGATGCCTTCTTGGAAGGTAACCAGGTGTGGACAAATATTGACTTTGCCCATGAAGCTCCAGCCTTTCTGCCTTGGCACAGGTACTTCTTGCTTCTATGGGAGCATGAAATTCAGAAGCTGACGGGGGATGAGAACTTCACCATCCCCTTT
 

>t7
CGCCCTGTCTAACTCACCTGTGGGTCCTCAATTTCCCTTCAGTGGGATTGATGATAGGGAAAACTGGCCCAYTGTCTTCTAC
 AACAGGACCTGCCAGTGCCAGGGCAACTTCATGGGCTACAATTGTGGCGATTGCAAATTTGGCTTCATCGGCCCCAATTGTACAGTGAGAAGGACTATGATTAGAAAGGAAATCTTCAGGTTGACTACGGCAGAGAAGGACAAGTTCATTGCCTACCTTAACCTGGCCAAACGCACCATCAGTACTGACTATGTCATAGCCACCGGGACCTACAGCCAGATGAACAATGGCTCCAACCCACTTTTTGCAGACATTAGCGTCTATGACCTGTTTGTGT
 GGATTCATTATTACGCCTCCAGAGATGCCTTCATTGGAGGTGACCTTGTGTGGGAGAATATTGATTTTGCCCATGAAGCTCCAGCCTTTGTGCCCTGGCACAGGTACTTCTTGCTTCTATGGGAGCATGAAATTCAGAAATTTACAGGTGACGAGAACTTTACCATTCCCTTC
 

>t8
AGTCATCTCCAACTCCTCTGTGGGCACCCAGTTCCCTTTCTTGGGCATTGATGACCGTGAAAATTGGCCCTTTGTCTTTTAT
 AACAGGACTTGCCAATGCCAAGGTAACTTCACAGGCTACAATTGTGGTGAGTGCAGATTTGGCTACACTGGACCAAACTGCACCATCAGACGCACCTTGATTAGAAAGGAGATCTTCAAGCTGACCACGGCTGAGAAGGACAAGTTCATCGCCTATCTCAACTTGGCAAAACGTACCATCAGCCCAGACTATGTTATTGCCACCGCCACTTATGAGCAGATGAACAATGGCTCCAATCCGATGTTCGCGGATATCAATGTCTATGATTTGTTTGTGT
 GGCTGCACTACTACGCATCCAGAGATGCTTTCTTGGCAGGTGGTGGAGTGTGGGCAAACATTGACTTTGCCCATGAGGGTCCTGGCTTTTTGCCTTGGCACAGGTTCTTTCTGCTGCTTTGGGAACGGGAAATCCAAAAGGTAGCGGGCGATGACGATTTCACTATTCCCTKC
 

>t9
ACTCCCCTCCAACTCCCCCGTGGGTGCCCAGTTCCCTTTCTCGGGCATTGATGACCGAGAAAACTGGCCCATTGTCTTCTAC
 AACAGGACGTGCCAATGCCAGGGTAATTTCATGGGCTACAACTGCGGTGAGTGCAGGTTTGGCTACACAGGGCCAAACTGCACCGTTAGACGCAACATGATTAGAAAGGAGATCTTCAGGATGACCACGGCTGAGAAGGACAAGCTCATCGCCTACCTCAACTTTGCCAAGCGTACCATCAGCCCAGACTACGTTATCTCCACCGGCACTTATAAGCAGATGAACAATGGCTCCAATCCGATGTTCTCGGATATCAATGTCTACGATCTGTTTGTGT
 GGCTGCATTACTACGCCTCCAGAGATGCTTTCCTGGAAGATGGTAGTGTGTGGGCCAACATAGACTTTGCCCATGAGGCCCCGGGCTTTCTGCCTTGGCACAGGTTCTTTTTGCTGCTTTGGGAACGGGAAATCCAGAAGGTGACAGGGGATGATAATTTTACTATTCCCTKY
 