(t20,(t18,((t30,((t3,t32),(t4,((t46,(t49,t6)),(t33,(t5,(t34,t7))))))),((t31
,t44),(t19,(t23,((t41,(t22,t43)),(((t17,t42),(t21,t24)),(((t15,(t16,(t35,t45)
)),((t1,t2),((t28,t29),(t27,(t25,t26))))),((t10,(t9,(t36,t8))),((t14,(t37
,(t12,t40))),((t13,t48),(t39,(t47,(t11,t38)))))))))))))))
[1822.];

